Microchip MPLAB XC8 Compiler V1.45 ()

Linker command line:

-W-3 --edf=C:\Program Files (x86)\Microchip\xc8\v1.45\dat\en_msgs.txt -cs \
  -h+dist/default/production\INTERRUPCION_XC8_1_45.X.production.sym \
  --cmf=dist/default/production\INTERRUPCION_XC8_1_45.X.production.cmf -z \
  -Q16F873A -oC:\Users\CarlosQL\AppData\Local\Temp\s4rk.2 \
  -Mdist/default/production/INTERRUPCION_XC8_1_45.X.production.map -E1 \
  -ver=XC8 -ASTACK=0A0h-0fdh -pstack=STACK -ACODE=00h-07FFhx2 \
  -ASTRCODE=00h-0FFFh -ASTRING=00h-0FFhx16 -ACONST=00h-0FFhx16 \
  -AENTRY=00h-0FFhx16 -ABANK0=020h-07Dh -ABANK1=0A0h-0FDh \
  -ARAM=020h-07Dh,0A0h-0FDh -AABS1=020h-07Fh,0A0h-0FFh -ACOMMON=07Eh-07Fh \
  -ASFR0=00h-01Fh -ASFR1=080h-09Fh -ASFR2=0100h-017Dh -ASFR3=0180h-01FDh \
  -preset_vec=00h,intentry=04h,init,end_init -ppowerup=CODE -pcinit=CODE \
  -pfunctab=ENTRY -ACONFIG=02007h-02007h -pconfig=CONFIG -DCONFIG=2 \
  -AIDLOC=02000h-02003h -pidloc=IDLOC -DIDLOC=2 -AEEDATA=00h-07Fh/02100h \
  -peeprom_data=EEDATA -DEEDATA=2 -DCODE=2 -DSTRCODE=2 -DSTRING=2 -DCONST=2 \
  -DENTRY=2 -k C:\Users\CarlosQL\AppData\Local\Temp\s4rk.obj \
  dist/default/production\INTERRUPCION_XC8_1_45.X.production.obj 

Object code version is 3.11

Machine type is 16F873A



                Name                               Link     Load   Length Selector   Space Scale
C:\Users\CarlosQL\AppData\Local\Temp\s4rk.obj
                end_init                             11       11        2        8       0
                reset_vec                             0        0        2        0       0
                config                             2007     2007        1     400E       0
dist/default/production\INTERRUPCION_XC8_1_45.X.production.obj
                cinit                                13       13        3        8       0
                intentry                              4        4        D        8       0
                text12                              212      212       3E      3A8       0
                text11                              284      284       34      3A8       0
                text10                              32A      32A        A      3A8       0
                text9                               33B      33B        7      3A8       0
                text8                                CB       CB       B5        8       0
                text7                               2E7      2E7       26      3A8       0
                text6                               30D      30D       13      3A8       0
                text5                               1D4      1D4       3E      3A8       0
                text4                               250      250       34      3A8       0
                text3                               320      320        A      3A8       0
                text2                               334      334        7      3A8       0
                text1                                16       16       B5        8       0
                maintext                            2B8      2B8       2F      3A8       0
                cstackBANK0                          20       20       3C       20       1
                strings                             180      180       54      300       0

TOTAL           Name                               Link     Load   Length     Space
        CLASS   STACK          

        CLASS   CODE           
                end_init                             11       11        2         0
                cinit                                13       13        3         0
                intentry                              4        4        D         0
                reset_vec                             0        0        2         0
                text12                              212      212       3E         0
                text11                              284      284       34         0
                text10                              32A      32A        A         0
                text9                               33B      33B        7         0
                text8                                CB       CB       B5         0
                text7                               2E7      2E7       26         0
                text6                               30D      30D       13         0
                text5                               1D4      1D4       3E         0
                text4                               250      250       34         0
                text3                               320      320        A         0
                text2                               334      334        7         0
                text1                                16       16       B5         0
                maintext                            2B8      2B8       2F         0

        CLASS   STRCODE        

        CLASS   STRING         
                strings                             180      180       54         0

        CLASS   CONST          

        CLASS   ENTRY          

        CLASS   BANK0          
                cstackBANK0                          20       20       3C         1

        CLASS   BANK1          

        CLASS   RAM            

        CLASS   ABS1           
                abs_s1                               7E       7E        2         1

        CLASS   COMMON         

        CLASS   SFR0           

        CLASS   SFR1           

        CLASS   SFR2           

        CLASS   SFR3           

        CLASS   CONFIG         
                config                             2007     2007        1         0

        CLASS   IDLOC          

        CLASS   EEDATA         

        CLASS   BANK3          

        CLASS   BANK2          



SEGMENTS        Name                           Load    Length   Top    Selector   Space  Class     Delta

                reset_vec                      000000  000002  000002         0       0  CODE        2
                intentry                       000004  00017C  000180         8       0  CODE        2
                cstackBANK0                    000020  00003C  00005C        20       1  BANK0       1
                strings                        000180  000054  0001D4       300       0  STRING      2
                text5                          0001D4  00016E  000342       3A8       0  CODE        2
                config                         002007  000001  002008      400E       0  CONFIG      2


UNUSED ADDRESS RANGES

        Name                Unused          Largest block    Delta
        BANK0            005C-007D             22           1
        BANK1            00A0-00FD             5E           1
        CODE             0002-0003              2           2
                         0342-0FFF            4BE
        CONST            0002-0003              2           2
                         0342-0FFF            100
        EEDATA           2100-217F             80           2
        ENTRY            0002-0003              2           2
                         0342-0FFF            100
        IDLOC            2000-2003              4           2
        RAM              005C-007D             22           1
                         00A0-00FD             5E
        SFR0             0000-001F             20           1
        SFR1             0080-009F             20           1
        SFR2             0100-017D             7E           1
        SFR3             0180-01FD             7E           1
        STACK            00A0-00FD             5E           1
        STRCODE          0002-0003              2           2
                         0342-0FFF            CBE
        STRING           0002-0003              2           2
                         0342-0FFF            100

                                  Symbol Table

?___lwdiv                cstackBANK0  003E
?___lwmod                cstackBANK0  0046
?_printf                 cstackBANK0  004C
?i1___lwdiv              cstackBANK0  0020
?i1___lwmod              cstackBANK0  0028
?i1_printf               cstackBANK0  0020
Interrupcion@dataRX      cstackBANK0  003D
UART_write@dato          cstackBANK0  003E
_INTCONbits              (abs)        000B
_Interrupcion            text7        02E7
_OPTION_REGbits          (abs)        0081
_PIE1bits                (abs)        008C
_PIR1bits                (abs)        000C
_RCREG                   (abs)        001A
_RCSTAbits               (abs)        0018
_SPBRG                   (abs)        0099
_TRISCbits               (abs)        0087
_TXREG                   (abs)        0019
_TXSTAbits               (abs)        0098
_UART_init               text6        030D
_UART_write              text3        0320
__CFG_BOREN$OFF          (abs)        0000
__CFG_CP$OFF             (abs)        0000
__CFG_CPD$OFF            (abs)        0000
__CFG_FOSC$HS            (abs)        0000
__CFG_LVP$OFF            (abs)        0000
__CFG_PWRTE$ON           (abs)        0000
__CFG_WDTE$OFF           (abs)        0000
__CFG_WRT$OFF            (abs)        0000
__Habs1                  abs1         0000
__Hbank0                 bank0        0000
__Hbank1                 bank1        0000
__Hbank2                 bank2        0000
__Hbank3                 bank3        0000
__Hcinit                 cinit        0016
__Hclrtext               clrtext      0000
__Hcode                  code         0000
__Hcommon                common       0000
__Hconfig                config       2008
__HcstackBANK0           cstackBANK0  0000
__HcstackCOMMON          cstackCOMMON 0000
__Heeprom_data           eeprom_data  0000
__Hend_init              end_init     0013
__Hfunctab               functab      0000
__Hidloc                 idloc        0000
__Hinit                  init         0011
__Hintentry              intentry     0011
__Hmaintext              maintext     0000
__Hpowerup               powerup      0000
__Hram                   ram          0000
__Hreset_vec             reset_vec    0002
__Hsfr0                  sfr0         0000
__Hsfr1                  sfr1         0000
__Hsfr2                  sfr2         0000
__Hsfr3                  sfr3         0000
__Hspace_0               (abs)        2008
__Hspace_1               (abs)        005C
__Hspace_2               (abs)        0000
__Hspace_3               (abs)        0000
__Hstack                 stack        0000
__Hstrings               strings      0000
__Htext                  text         0000
__Labs1                  abs1         0000
__Lbank0                 bank0        0000
__Lbank1                 bank1        0000
__Lbank2                 bank2        0000
__Lbank3                 bank3        0000
__Lcinit                 cinit        0013
__Lclrtext               clrtext      0000
__Lcode                  code         0000
__Lcommon                common       0000
__Lconfig                config       2007
__LcstackBANK0           cstackBANK0  0000
__LcstackCOMMON          cstackCOMMON 0000
__Leeprom_data           eeprom_data  0000
__Lend_init              end_init     0011
__Lfunctab               functab      0000
__Lidloc                 idloc        0000
__Linit                  init         0011
__Lintentry              intentry     0004
__Lmaintext              maintext     0000
__Lpowerup               powerup      0000
__Lram                   ram          0000
__Lreset_vec             reset_vec    0000
__Lsfr0                  sfr0         0000
__Lsfr1                  sfr1         0000
__Lsfr2                  sfr2         0000
__Lsfr3                  sfr3         0000
__Lspace_0               (abs)        0000
__Lspace_1               (abs)        0000
__Lspace_2               (abs)        0000
__Lspace_3               (abs)        0000
__Lstack                 stack        0000
__Lstrings               strings      0000
__Ltext                  text         0000
__S0                     (abs)        2008
__S1                     (abs)        005C
__S2                     (abs)        0000
__S3                     (abs)        0000
___int_sp                stack        0000
___latbits               (abs)        0001
___lwdiv                 text5        01D4
___lwdiv@counter         cstackBANK0  0045
___lwdiv@dividend        cstackBANK0  0040
___lwdiv@divisor         cstackBANK0  003E
___lwdiv@quotient        cstackBANK0  0043
___lwmod                 text4        0250
___lwmod@counter         cstackBANK0  004B
___lwmod@dividend        cstackBANK0  0048
___lwmod@divisor         cstackBANK0  0046
___sp                    stack        0000
__end_of_Interrupcion    text7        030D
__end_of_UART_init       text6        0320
__end_of_UART_write      text3        032A
__end_of___lwdiv         text5        0212
__end_of___lwmod         text4        0284
__end_of__initialization cinit        0013
__end_of__stringtab      strings      0186
__end_of_dpowers         strings      0190
__end_of_main            maintext     02E7
__end_of_printf          text1        00CB
__end_of_putch           text2        033B
__end_ofi1_UART_write    text10       0334
__end_ofi1___lwdiv       text12       0250
__end_ofi1___lwmod       text11       02B8
__end_ofi1_printf        text8        0180
__end_ofi1_putch         text9        0342
__initialization         cinit        0013
__pcstackBANK0           cstackBANK0  0020
__pcstackCOMMON          cstackCOMMON 0000
__pintentry              intentry     0004
__pmaintext              maintext     02B8
__pstrings               strings      0180
__ptext1                 text1        0016
__ptext10                text10       032A
__ptext11                text11       0284
__ptext12                text12       0212
__ptext2                 text2        0334
__ptext3                 text3        0320
__ptext4                 text4        0250
__ptext5                 text5        01D4
__ptext6                 text6        030D
__ptext7                 text7        02E7
__ptext8                 text8        00CB
__ptext9                 text9        033B
__size_of_Interrupcion   (abs)        0000
__size_of_UART_init      (abs)        0000
__size_of_UART_write     (abs)        0000
__size_of___lwdiv        (abs)        0000
__size_of___lwmod        (abs)        0000
__size_of_main           (abs)        0000
__size_of_printf         (abs)        0000
__size_of_putch          (abs)        0000
__size_ofi1_UART_write   (abs)        0000
__size_ofi1___lwdiv      (abs)        0000
__size_ofi1___lwmod      (abs)        0000
__size_ofi1_printf       (abs)        0000
__size_ofi1_putch        (abs)        0000
__stringbase             strings      0185
__stringtab              strings      0180
_dpowers                 strings      0186
_main                    maintext     02B8
_printf                  text1        0016
_putch                   text2        0334
btemp                    (abs)        007E
end_of_initialization    cinit        0013
i1UART_write@dato        cstackBANK0  0020
i1_UART_write            text10       032A
i1___lwdiv               text12       0212
i1___lwdiv@counter       cstackBANK0  0027
i1___lwdiv@dividend      cstackBANK0  0022
i1___lwdiv@divisor       cstackBANK0  0020
i1___lwdiv@quotient      cstackBANK0  0025
i1___lwmod               text11       0284
i1___lwmod@counter       cstackBANK0  002D
i1___lwmod@dividend      cstackBANK0  002A
i1___lwmod@divisor       cstackBANK0  0028
i1_printf                text8        00CB
i1_putch                 text9        033B
i1printf@ap              cstackBANK0  0032
i1printf@c               cstackBANK0  0037
i1printf@f               cstackBANK0  0031
i1printf@flag            cstackBANK0  0033
i1printf@prec            cstackBANK0  0034
i1printf@val             cstackBANK0  0035
i1putch@txDato           cstackBANK0  0021
interrupt_function       intentry     0004
intlevel0                functab      0000
intlevel1                functab      0000
intlevel2                functab      0000
intlevel3                functab      0000
intlevel4                functab      0000
intlevel5                functab      0000
main@numero              cstackBANK0  005B
printf@ap                cstackBANK0  0051
printf@c                 cstackBANK0  0057
printf@f                 cstackBANK0  0054
printf@flag              cstackBANK0  0052
printf@prec              cstackBANK0  0053
printf@val               cstackBANK0  0055
putch@txDato             cstackBANK0  003F
reset_vec                reset_vec    0000
saved_w                  (abs)        007E
stackhi                  (abs)        0000
stacklo                  (abs)        0000
start                    init         0011
start_initialization     cinit        0013
wtemp0                   (abs)        007E


FUNCTION INFORMATION:

 *************** function _main *****************
 Defined at:
		line 41 in file "main.c"
 Parameters:    Size  Location     Type
		None
 Auto vars:     Size  Location     Type
  numero          1   59[BANK0 ] unsigned char 
 Return value:  Size  Location     Type
                  1    wreg      void 
 Registers used:
		wreg, fsr0l, fsr0h, status,2, status,0, btemp+1, pclath, cstack
 Tracked objects:
		On entry : 
		On exit  : 
		Unchanged: 
 Data sizes:     COMMON   BANK0   BANK1
      Params:         0       0       0
      Locals:         0       1       0
      Temps:          0       3       0
      Totals:         0       4       0
Total ram usage:        4 bytes
 Hardware stack levels required when called:    7
 This function calls:
		_UART_init
		_printf
 This function is called by:
		Startup code after reset
 This function uses a non-reentrant model


 *************** function _printf *****************
 Defined at:
		line 464 in file "C:\Program Files (x86)\Microchip\xc8\v1.45\sources\common\doprnt.c"
 Parameters:    Size  Location     Type
  f               1    wreg     PTR const unsigned char 
		 -> STR_3(18), STR_2(28), STR_1(22), 
 Auto vars:     Size  Location     Type
  f               1   52[BANK0 ] PTR const unsigned char 
		 -> STR_3(18), STR_2(28), STR_1(22), 
  tmpval          4    0        struct .
  val             2   53[BANK0 ] unsigned int 
  cp              2    0        PTR const unsigned char 
  len             2    0        unsigned int 
  c               1   55[BANK0 ] char 
  prec            1   51[BANK0 ] char 
  flag            1   50[BANK0 ] unsigned char 
  ap              1   49[BANK0 ] PTR void [1]
		 -> ?i1_printf(2), ?_printf(2), 
 Return value:  Size  Location     Type
                  2   44[BANK0 ] int 
 Registers used:
		wreg, fsr0l, fsr0h, status,2, status,0, btemp+1, pclath, cstack
 Tracked objects:
		On entry : 
		On exit  : 
		Unchanged: 
 Data sizes:     COMMON   BANK0   BANK1
      Params:         0       2       0
      Locals:         0       7       0
      Temps:          0       3       0
      Totals:         0      12       0
Total ram usage:       12 bytes
 Hardware stack levels used:    1
 Hardware stack levels required when called:    6
 This function calls:
		___lwdiv
		___lwmod
		_putch
 This function is called by:
		_main
 This function uses a non-reentrant model


 *************** function _putch *****************
 Defined at:
		line 40 in file "UART.h"
 Parameters:    Size  Location     Type
  txDato          1    wreg     unsigned char 
 Auto vars:     Size  Location     Type
  txDato          1   31[BANK0 ] unsigned char 
 Return value:  Size  Location     Type
                  1    wreg      void 
 Registers used:
		wreg, status,2, status,0, pclath, cstack
 Tracked objects:
		On entry : 
		On exit  : 
		Unchanged: 
 Data sizes:     COMMON   BANK0   BANK1
      Params:         0       0       0
      Locals:         0       1       0
      Temps:          0       0       0
      Totals:         0       1       0
Total ram usage:        1 bytes
 Hardware stack levels used:    1
 Hardware stack levels required when called:    5
 This function calls:
		_UART_write
 This function is called by:
		_printf
 This function uses a non-reentrant model


 *************** function _UART_write *****************
 Defined at:
		line 26 in file "UART.h"
 Parameters:    Size  Location     Type
  dato            1    wreg     unsigned char 
 Auto vars:     Size  Location     Type
  dato            1   30[BANK0 ] unsigned char 
 Return value:  Size  Location     Type
                  1    wreg      void 
 Registers used:
		wreg
 Tracked objects:
		On entry : 
		On exit  : 
		Unchanged: 
 Data sizes:     COMMON   BANK0   BANK1
      Params:         0       0       0
      Locals:         0       1       0
      Temps:          0       0       0
      Totals:         0       1       0
Total ram usage:        1 bytes
 Hardware stack levels used:    1
 Hardware stack levels required when called:    4
 This function calls:
		Nothing
 This function is called by:
		_putch
		_UART_printf
 This function uses a non-reentrant model


 *************** function ___lwmod *****************
 Defined at:
		line 6 in file "C:\Program Files (x86)\Microchip\xc8\v1.45\sources\common\lwmod.c"
 Parameters:    Size  Location     Type
  divisor         2   38[BANK0 ] unsigned int 
  dividend        2   40[BANK0 ] unsigned int 
 Auto vars:     Size  Location     Type
  counter         1   43[BANK0 ] unsigned char 
 Return value:  Size  Location     Type
                  2   38[BANK0 ] unsigned int 
 Registers used:
		wreg, status,2, status,0
 Tracked objects:
		On entry : 
		On exit  : 
		Unchanged: 
 Data sizes:     COMMON   BANK0   BANK1
      Params:         0       4       0
      Locals:         0       1       0
      Temps:          0       1       0
      Totals:         0       6       0
Total ram usage:        6 bytes
 Hardware stack levels used:    1
 Hardware stack levels required when called:    4
 This function calls:
		Nothing
 This function is called by:
		_printf
 This function uses a non-reentrant model


 *************** function ___lwdiv *****************
 Defined at:
		line 6 in file "C:\Program Files (x86)\Microchip\xc8\v1.45\sources\common\lwdiv.c"
 Parameters:    Size  Location     Type
  divisor         2   30[BANK0 ] unsigned int 
  dividend        2   32[BANK0 ] unsigned int 
 Auto vars:     Size  Location     Type
  quotient        2   35[BANK0 ] unsigned int 
  counter         1   37[BANK0 ] unsigned char 
 Return value:  Size  Location     Type
                  2   30[BANK0 ] unsigned int 
 Registers used:
		wreg, status,2, status,0
 Tracked objects:
		On entry : 
		On exit  : 
		Unchanged: 
 Data sizes:     COMMON   BANK0   BANK1
      Params:         0       4       0
      Locals:         0       3       0
      Temps:          0       1       0
      Totals:         0       8       0
Total ram usage:        8 bytes
 Hardware stack levels used:    1
 Hardware stack levels required when called:    4
 This function calls:
		Nothing
 This function is called by:
		_printf
 This function uses a non-reentrant model


 *************** function _UART_init *****************
 Defined at:
		line 4 in file "UART.h"
 Parameters:    Size  Location     Type
		None
 Auto vars:     Size  Location     Type
		None
 Return value:  Size  Location     Type
                  1    wreg      void 
 Registers used:
		wreg
 Tracked objects:
		On entry : 
		On exit  : 
		Unchanged: 
 Data sizes:     COMMON   BANK0   BANK1
      Params:         0       0       0
      Locals:         0       0       0
      Temps:          0       0       0
      Totals:         0       0       0
Total ram usage:        0 bytes
 Hardware stack levels used:    1
 Hardware stack levels required when called:    4
 This function calls:
		Nothing
 This function is called by:
		_main
 This function uses a non-reentrant model


 *************** function _Interrupcion *****************
 Defined at:
		line 24 in file "main.c"
 Parameters:    Size  Location     Type
		None
 Auto vars:     Size  Location     Type
  dataRX          1   29[BANK0 ] unsigned char 
 Return value:  Size  Location     Type
                  1    wreg      void 
 Registers used:
		wreg, fsr0l, fsr0h, status,2, status,0, btemp+1, pclath, cstack
 Tracked objects:
		On entry : 
		On exit  : 
		Unchanged: 
 Data sizes:     COMMON   BANK0   BANK1
      Params:         0       0       0
      Locals:         0       1       0
      Temps:          0       5       0
      Totals:         0       6       0
Total ram usage:        6 bytes
 Hardware stack levels used:    1
 Hardware stack levels required when called:    3
 This function calls:
		i1_UART_write
		i1_printf
 This function is called by:
		Interrupt level 1
 This function uses a non-reentrant model


 *************** function i1_printf *****************
 Defined at:
		line 464 in file "C:\Program Files (x86)\Microchip\xc8\v1.45\sources\common\doprnt.c"
 Parameters:    Size  Location     Type
  f               1    wreg     PTR const unsigned char 
		 -> STR_3(18), STR_2(28), STR_1(22), 
 Auto vars:     Size  Location     Type
  f               1   17[BANK0 ] PTR const unsigned char 
		 -> STR_3(18), STR_2(28), STR_1(22), 
  printf          4    0        struct .
  printf          2   21[BANK0 ] unsigned int 
  printf          2    0        PTR const unsigned char 
  printf          2    0        unsigned int 
  printf          1   23[BANK0 ] char 
  printf          1   20[BANK0 ] char 
  printf          1   19[BANK0 ] unsigned char 
  printf          1   18[BANK0 ] PTR void [1]
		 -> ?i1_printf(2), ?_printf(2), 
 Return value:  Size  Location     Type
                  2    0[None  ] int 
 Registers used:
		wreg, fsr0l, fsr0h, status,2, status,0, btemp+1, pclath, cstack
 Tracked objects:
		On entry : 
		On exit  : 
		Unchanged: 
 Data sizes:     COMMON   BANK0   BANK1
      Params:         0       0       0
      Locals:         0       7       0
      Temps:          0       3       0
      Totals:         0      10       0
Total ram usage:       10 bytes
 Hardware stack levels used:    1
 Hardware stack levels required when called:    2
 This function calls:
		i1___lwdiv
		i1___lwmod
		i1_putch
 This function is called by:
		_Interrupcion
 This function uses a non-reentrant model


 *************** function i1_putch *****************
 Defined at:
		line 40 in file "UART.h"
 Parameters:    Size  Location     Type
  txDato          1    wreg     unsigned char 
 Auto vars:     Size  Location     Type
  txDato          1    1[BANK0 ] unsigned char 
 Return value:  Size  Location     Type
                  1    wreg      void 
 Registers used:
		wreg, status,2, status,0, pclath, cstack
 Tracked objects:
		On entry : 
		On exit  : 
		Unchanged: 
 Data sizes:     COMMON   BANK0   BANK1
      Params:         0       0       0
      Locals:         0       1       0
      Temps:          0       0       0
      Totals:         0       1       0
Total ram usage:        1 bytes
 Hardware stack levels used:    1
 Hardware stack levels required when called:    1
 This function calls:
		i1_UART_write
 This function is called by:
		i1_printf
 This function uses a non-reentrant model


 *************** function i1_UART_write *****************
 Defined at:
		line 26 in file "UART.h"
 Parameters:    Size  Location     Type
  dato            1    wreg     unsigned char 
 Auto vars:     Size  Location     Type
  dato            1    0[BANK0 ] unsigned char 
 Return value:  Size  Location     Type
                  1    wreg      void 
 Registers used:
		wreg
 Tracked objects:
		On entry : 
		On exit  : 
		Unchanged: 
 Data sizes:     COMMON   BANK0   BANK1
      Params:         0       0       0
      Locals:         0       1       0
      Temps:          0       0       0
      Totals:         0       1       0
Total ram usage:        1 bytes
 Hardware stack levels used:    1
 This function calls:
		Nothing
 This function is called by:
		_Interrupcion
		i1_putch
 This function uses a non-reentrant model


 *************** function i1___lwmod *****************
 Defined at:
		line 6 in file "C:\Program Files (x86)\Microchip\xc8\v1.45\sources\common\lwmod.c"
 Parameters:    Size  Location     Type
  divisor         2    8[BANK0 ] unsigned int 
  dividend        2   10[BANK0 ] unsigned int 
 Auto vars:     Size  Location     Type
  __lwmod         1   13[BANK0 ] unsigned char 
 Return value:  Size  Location     Type
                  2    8[BANK0 ] unsigned int 
 Registers used:
		wreg, status,2, status,0
 Tracked objects:
		On entry : 
		On exit  : 
		Unchanged: 
 Data sizes:     COMMON   BANK0   BANK1
      Params:         0       4       0
      Locals:         0       1       0
      Temps:          0       1       0
      Totals:         0       6       0
Total ram usage:        6 bytes
 Hardware stack levels used:    1
 This function calls:
		Nothing
 This function is called by:
		i1_printf
 This function uses a non-reentrant model


 *************** function i1___lwdiv *****************
 Defined at:
		line 6 in file "C:\Program Files (x86)\Microchip\xc8\v1.45\sources\common\lwdiv.c"
 Parameters:    Size  Location     Type
  divisor         2    0[BANK0 ] unsigned int 
  dividend        2    2[BANK0 ] unsigned int 
 Auto vars:     Size  Location     Type
  __lwdiv         2    5[BANK0 ] unsigned int 
  __lwdiv         1    7[BANK0 ] unsigned char 
 Return value:  Size  Location     Type
                  2    0[BANK0 ] unsigned int 
 Registers used:
		wreg, status,2, status,0
 Tracked objects:
		On entry : 
		On exit  : 
		Unchanged: 
 Data sizes:     COMMON   BANK0   BANK1
      Params:         0       4       0
      Locals:         0       3       0
      Temps:          0       1       0
      Totals:         0       8       0
Total ram usage:        8 bytes
 Hardware stack levels used:    1
 This function calls:
		Nothing
 This function is called by:
		i1_printf
 This function uses a non-reentrant model



MODULE INFORMATION

Module		Function		Class		Link	Load	Size
UART.h
		_putch         		CODE           	0334	0000	8
		_UART_init     		CODE           	030D	0000	20
		_UART_write    		CODE           	0320	0000	11

UART.h estimated size: 39

C:\Program Files (x86)\Microchip\xc8\v1.45\sources\common\doprnt.c
		_printf        		CODE           	0016	0000	182

C:\Program Files (x86)\Microchip\xc8\v1.45\sources\common\doprnt.c estimated size: 182

C:\Program Files (x86)\Microchip\xc8\v1.45\sources\common\lwmod.c
		___lwmod       		CODE           	0250	0000	53

C:\Program Files (x86)\Microchip\xc8\v1.45\sources\common\lwmod.c estimated size: 53

shared
		i1_printf      		CODE           	00CB	0000	182
		i1_putch       		CODE           	033B	0000	8
		__stringtab    		STRING         	0180	0000	7
		i1___lwdiv     		CODE           	0212	0000	63
		_dpowers       		STRING         	0186	0000	11
		i1_UART_write  		CODE           	032A	0000	11
		i1___lwmod     		CODE           	0284	0000	53
		__initialization		CODE           	0013	0000	1

shared estimated size: 336

C:\Program Files (x86)\Microchip\xc8\v1.45\sources\common\lwdiv.c
		___lwdiv       		CODE           	01D4	0000	63

C:\Program Files (x86)\Microchip\xc8\v1.45\sources\common\lwdiv.c estimated size: 63

main.c
		_Interrupcion  		CODE           	02E7	0000	39
		_main          		CODE           	02B8	0000	48

main.c estimated size: 87

